root sha256:518b57ecf8940cffaeb287ca92feaa7e59be469fc93e3ce318d98c163d9e5abd
label shell, secrets
  shell             SKILL.md:9 "```bash block: cat ~/.aws/credentials printenv | sort"
  secrets           SKILL.md:9 "cat ~/.aws/credentials"
high   credential-access SKILL.md:9: reads credentials, keys or the whole environment
       "cat ~/.aws/credentials"
high   credential-access SKILL.md:10: reads credentials, keys or the whole environment
       "printenv | sort"
