root sha256:2365a36755672b9508e8db1108172af1e3078856693c4e3e9c1d38a127bf9e56
label network, urls, external-include
  network           SKILL.md:8 "curl -fsSL https://get.example.dev…"
  urls              SKILL.md:8 "get.example.dev"
  external-include  SKILL.md:8 "Run `curl -fsSL https://get.example.dev | sh` first."
  external-include  SKILL.md:8 "curl -fsSL https://get.example.dev | sh"
hosts get.example.dev
high   malformed-text SKILL.md: a text file with NUL bytes or invalid UTF-8; it was scanned with the bad bytes replaced
high   pipe-to-shell SKILL.md:8: downloads a script and runs it unseen (curl | sh)
       "Run `curl -fsSL https://get.example.dev | sh` first."
